// Jest Snapshot v1, https://goo.gl/fbAQLP

exports[`NotFoundPage renders NotFoundPage component 1`] = `
<BrowserRouter>
  <Router
    history={
      Object {
        "action": "POP",
        "block": [Function],
        "createHref": [Function],
        "go": [Function],
        "goBack": [Function],
        "goForward": [Function],
        "length": 1,
        "listen": [Function],
        "location": Object {
          "hash": "",
          "pathname": "/",
          "search": "",
          "state": undefined,
        },
        "push": [Function],
        "replace": [Function],
      }
    }
  >
    <withRouter(NotFoundPage)>
      <NotFoundPage
        history={
          Object {
            "action": "POP",
            "block": [Function],
            "createHref": [Function],
            "go": [Function],
            "goBack": [Function],
            "goForward": [Function],
            "length": 1,
            "listen": [Function],
            "location": Object {
              "hash": "",
              "pathname": "/",
              "search": "",
              "state": undefined,
            },
            "push": [Function],
            "replace": [Function],
          }
        }
        location={
          Object {
            "hash": "",
            "pathname": "/",
            "search": "",
            "state": undefined,
          }
        }
        match={
          Object {
            "isExact": true,
            "params": Object {},
            "path": "/",
            "url": "/",
          }
        }
      >
        <div
          className="notFound"
        >
          <img
            alt="Not found error"
            className="image"
            src="not-found.png"
          />
          <h1
            className="title"
          >
            Sorry, that page couldn't be found
          </h1>
          <ButtonLight
            onClick={[Function]}
          >
            <button
              className="button "
              onClick={[Function]}
            >
              Take me home
            </button>
          </ButtonLight>
        </div>
      </NotFoundPage>
    </withRouter(NotFoundPage)>
  </Router>
</BrowserRouter>
`;
