// Jest Snapshot v1, https://goo.gl/fbAQLP

exports[`ChangePasswordPage renders ChangePasswordPage component given mock context data 1`] = `
<div
  class="main"
>
  <h3>
    Change Password
  </h3>
  <form
    class="form"
  >
    <div>
      <label
        class="label "
        for="old_password"
      >
        Old Password
      </label>
      <input
        class="input "
        id="old_password"
        name="old_password"
        type="password"
      />
    </div>
    <div>
      <label
        class="label "
        for="new_password"
      >
        New Password
      </label>
      <input
        class="input "
        id="new_password"
        name="new_password"
        type="password"
      />
    </div>
    <div>
      <label
        class="label "
        for="confirm_password"
      >
        Confirm New Password
      </label>
      <input
        class="input "
        id="confirm_password"
        name="confirm_password"
        type="password"
      />
    </div>
    <div
      class="buttonSection"
    >
      <button
        class="button "
        type="button"
      >
        Cancel
      </button>
      <button
        class="buttonDark submitButton"
        loading="false"
        type="submit"
      >
        Change Password
      </button>
    </div>
  </form>
</div>
`;
