// Jest Snapshot v1, https://goo.gl/fbAQLP

exports[`AccountPage renders AccountPage component given mock context data 1`] = `
<main
  class="main"
>
  <button
    class="backButton"
    type="button"
  >
    <i
      class="fas fa-arrow-left"
    />
  </button>
  <form
    class="form"
  >
    <div
      class="circle blue profPic"
      first_name="Zoe"
    >
      Z
    </div>
    <label
      class="label "
      for="first_name"
    >
      First Name
    </label>
    <input
      class="input "
      id="first_name"
      name="first_name"
      required=""
      type="text"
      value="Zoe"
    />
    <label
      class="label "
      for="email"
    >
      Email
    </label>
    <input
      class="input "
      id="email"
      name="email"
      required=""
      type="email"
      value="zoe@gmail.com"
    />
    <div
      class="buttonContainer"
    >
      <button
        class="button logoutButton"
        type="button"
      >
        Log out
      </button>
      <button
        class="buttonDark "
        loading="false"
        type="submit"
      >
        Update
      </button>
    </div>
    <div
      class="links"
    >
      <a
        href="/change-password"
      >
        <i
          class="fas fa-key"
        />
         Change password
      </a>
      <a
        href="/location"
      >
        <i
          class="fas fa-map-marker-alt"
        />
         Change location
      </a>
      <a
        href="/confirm-deactivation"
      >
        <i
          class="fas fa-ban"
        />
         Deactivate account
      </a>
    </div>
  </form>
</main>
`;
