// Jest Snapshot v1, https://goo.gl/fbAQLP

exports[`LoginForm renders LoginForm component 1`] = `
<form
  class="form"
>
  <label
    class="label "
    for="email"
  >
    Email
  </label>
  <input
    class="input "
    id="email"
    name="email"
    required=""
    type="text"
  />
  <label
    class="label "
    for="password"
  >
    Password
  </label>
  <input
    class="input "
    id="password"
    name="password"
    required=""
    type="password"
  />
  <div
    class="buttonContainer"
  >
    <button
      class="button "
      type="button"
    >
      Cancel
    </button>
    <button
      class="buttonDark "
      loading="false"
      type="submit"
    >
      Sign in
    </button>
  </div>
</form>
`;
