// Jest Snapshot v1, https://goo.gl/fbAQLP

exports[`MessageSideBar renders MessageSideBar component given mock context data 1`] = `
<MessageSideBar
  activeChat={
    Object {
      "id": 25,
      "messages": Array [
        Object {
          "chat_id": 25,
          "id": 285,
          "message_content": "hi",
          "message_timestamp": "2020-10-06T10:46:45-04:00",
          "sender_id": 1,
        },
        Object {
          "chat_id": 25,
          "id": 286,
          "message_content": "hey",
          "message_timestamp": "2020-10-06T10:46:45-04:00",
          "sender_id": 2,
        },
      ],
      "post": Object {
        "date_created": "2020-10-06T10:46:45-04:00",
        "description": null,
        "id": 4,
        "post_type": "offer",
        "urgency": null,
        "user_id": 2,
      },
      "user1": Object {
        "first_name": "Zoe",
        "id": 1,
      },
      "user2": Object {
        "first_name": "James",
        "id": 2,
      },
    }
  }
  chats={
    Array [
      Object {
        "id": 25,
        "messages": Array [
          Object {
            "chat_id": 25,
            "id": 285,
            "message_content": "hi",
            "message_timestamp": "2020-10-06T10:46:45-04:00",
            "sender_id": 1,
          },
          Object {
            "chat_id": 25,
            "id": 286,
            "message_content": "hey",
            "message_timestamp": "2020-10-06T10:46:45-04:00",
            "sender_id": 2,
          },
        ],
        "post": Object {
          "date_created": "2020-10-06T10:46:45-04:00",
          "description": null,
          "id": 4,
          "post_type": "offer",
          "urgency": null,
          "user_id": 2,
        },
        "user1": Object {
          "first_name": "Zoe",
          "id": 1,
        },
        "user2": Object {
          "first_name": "James",
          "id": 2,
        },
      },
    ]
  }
  setActiveChat={[MockFunction]}
>
  <div
    className="sideBar inactiveMobile"
    id="side-bar"
  >
    <div
      className="heading"
    >
      <div
        className="chatName"
      >
        Chats
      </div>
    </div>
    <div
      className="users"
      onClick={[Function]}
    >
      <div
        className="user active"
        id="chat25"
        key="25"
        onClick={[Function]}
      >
        <ProfilePicture
          className="sidebarPic"
          first_name="James"
        >
          <div
            className="circle indigo sidebarPic"
            first_name="James"
          >
            J
          </div>
        </ProfilePicture>
        <div
          className="userInfo"
        >
          <div
            className="name"
          >
            James
          </div>
          <div
            className="lastMessage"
          >
            hey
          </div>
        </div>
      </div>
    </div>
  </div>
</MessageSideBar>
`;
