// Jest Snapshot v1, https://goo.gl/fbAQLP

exports[`LocationPage renders LocationPage component given mock context data 1`] = `
<main
  class="main"
>
  <div
    class="map"
  >
    <div
      id="google-map"
      style="height:100%;width:100%"
    />
  </div>
  <form
    class="form"
  >
    <div>
      <label
        class="label "
        for="location"
      >
        Location
      </label>
      <div>
        <input
          class="input"
          disabled=""
          placeholder="Enter an address"
          value=""
        />
      </div>
    </div>
    <div
      class="radiusSection"
    >
      <label
        class="label "
        for="radius"
      >
        Radius (miles)
      </label>
      <input
        class="input radius"
        id="radius"
        name="radius"
        required=""
        step="0.25"
        type="number"
        value="3"
      />
    </div>
    <div
      class="buttonSection"
    >
      <button
        class="button "
        type="button"
      >
        Cancel
      </button>
      <button
        class="buttonDark submitButton"
        loading="false"
        type="submit"
      >
        Use this location
      </button>
    </div>
  </form>
</main>
`;
